{
  "version": "1.5.0",
  "plugins_used": [
    {
      "name": "ArtifactoryDetector"
    },
    {
      "name": "AWSKeyDetector"
    },
    {
      "name": "AzureStorageKeyDetector"
    },
    {
      "name": "Base64HighEntropyString",
      "limit": 4.5
    },
    {
      "name": "BasicAuthDetector"
    },
    {
      "name": "CloudantDetector"
    },
    {
      "name": "DiscordBotTokenDetector"
    },
    {
      "name": "GitHubTokenDetector"
    },
    {
      "name": "GitLabTokenDetector"
    },
    {
      "name": "HexHighEntropyString",
      "limit": 3.0
    },
    {
      "name": "IbmCloudIamDetector"
    },
    {
      "name": "IbmCosHmacDetector"
    },
    {
      "name": "IPPublicDetector"
    },
    {
      "name": "JwtTokenDetector"
    },
    {
      "name": "KeywordDetector",
      "keyword_exclude": ""
    },
    {
      "name": "MailchimpDetector"
    },
    {
      "name": "NpmDetector"
    },
    {
      "name": "OpenAIDetector"
    },
    {
      "name": "PrivateKeyDetector"
    },
    {
      "name": "PypiTokenDetector"
    },
    {
      "name": "SendGridDetector"
    },
    {
      "name": "SlackDetector"
    },
    {
      "name": "SoftlayerDetector"
    },
    {
      "name": "SquareOAuthDetector"
    },
    {
      "name": "StripeDetector"
    },
    {
      "name": "TelegramBotTokenDetector"
    },
    {
      "name": "TwilioKeyDetector"
    }
  ],
  "filters_used": [
    {
      "path": "detect_secrets.filters.allowlist.is_line_allowlisted"
    },
    {
      "path": "detect_secrets.filters.common.is_ignored_due_to_verification_policies",
      "min_level": 2
    },
    {
      "path": "detect_secrets.filters.heuristic.is_indirect_reference"
    },
    {
      "path": "detect_secrets.filters.heuristic.is_likely_id_string"
    },
    {
      "path": "detect_secrets.filters.heuristic.is_lock_file"
    },
    {
      "path": "detect_secrets.filters.heuristic.is_not_alphanumeric_string"
    },
    {
      "path": "detect_secrets.filters.heuristic.is_potential_uuid"
    },
    {
      "path": "detect_secrets.filters.heuristic.is_prefixed_with_dollar_sign"
    },
    {
      "path": "detect_secrets.filters.heuristic.is_sequential_string"
    },
    {
      "path": "detect_secrets.filters.heuristic.is_swagger_file"
    },
    {
      "path": "detect_secrets.filters.heuristic.is_templated_secret"
    },
    {
      "path": "detect_secrets.filters.regex.should_exclude_file",
      "pattern": [
        "^\\.secrets\\.baseline$"
      ]
    }
  ],
  "results": {
    ".codex/rules/dev-security.md": [
      {
        "type": "Secret Keyword",
        "filename": ".codex/rules/dev-security.md",
        "hashed_secret": "ec3810e10fb78db55ce38b9c18d1c3eb1db739e0",
        "is_verified": false,
        "line_number": 62
      }
    ],
    ".codex/skills/playwright/SKILL.md": [
      {
        "type": "Secret Keyword",
        "filename": ".codex/skills/playwright/SKILL.md",
        "hashed_secret": "382caa7c44ee23ee25616f7e303af33c591efc3a",
        "is_verified": false,
        "line_number": 232
      },
      {
        "type": "Secret Keyword",
        "filename": ".codex/skills/playwright/SKILL.md",
        "hashed_secret": "aafdc23870ecbcd3d557b6423a8982134e17927e",
        "is_verified": false,
        "line_number": 250
      }
    ],
    "brands/cqi/brand_style/CQISense_Design_System/_ds_bundle.js": [
      {
        "type": "Hex High Entropy String",
        "filename": "brands/cqi/brand_style/CQISense_Design_System/_ds_bundle.js",
        "hashed_secret": "021d433db3cb8d2645f7d305084dc7286ecb637d",
        "is_verified": false,
        "line_number": 1
      },
      {
        "type": "Hex High Entropy String",
        "filename": "brands/cqi/brand_style/CQISense_Design_System/_ds_bundle.js",
        "hashed_secret": "8ff4fc3ef336a5fe883693a6249aae9f706368d6",
        "is_verified": false,
        "line_number": 1
      },
      {
        "type": "Hex High Entropy String",
        "filename": "brands/cqi/brand_style/CQISense_Design_System/_ds_bundle.js",
        "hashed_secret": "cb2244ab9005ddfc4e369b9941461cee094bdb99",
        "is_verified": false,
        "line_number": 1
      },
      {
        "type": "Hex High Entropy String",
        "filename": "brands/cqi/brand_style/CQISense_Design_System/_ds_bundle.js",
        "hashed_secret": "e21b0a4516a24808bbf46b01a9840b9e60bf04fe",
        "is_verified": false,
        "line_number": 1
      }
    ],
    "brands/cqi/brand_style/CQISense_Design_System/components/core/core.card.html": [
      {
        "type": "Base64 High Entropy String",
        "filename": "brands/cqi/brand_style/CQISense_Design_System/components/core/core.card.html",
        "hashed_secret": "15cec270f44d7f4f1751d3f3ba0c59de746d783e",
        "is_verified": false,
        "line_number": 17
      },
      {
        "type": "Base64 High Entropy String",
        "filename": "brands/cqi/brand_style/CQISense_Design_System/components/core/core.card.html",
        "hashed_secret": "9d4f0dbeba51b67921005512a26e5e651bedb626",
        "is_verified": false,
        "line_number": 18
      },
      {
        "type": "Base64 High Entropy String",
        "filename": "brands/cqi/brand_style/CQISense_Design_System/components/core/core.card.html",
        "hashed_secret": "eadc3f93238dda49ec69d9ffa9416a74f348d9ca",
        "is_verified": false,
        "line_number": 19
      }
    ],
    "brands/cqi/brand_style/CQISense_Design_System/components/domain/domain.card.html": [
      {
        "type": "Base64 High Entropy String",
        "filename": "brands/cqi/brand_style/CQISense_Design_System/components/domain/domain.card.html",
        "hashed_secret": "15cec270f44d7f4f1751d3f3ba0c59de746d783e",
        "is_verified": false,
        "line_number": 16
      },
      {
        "type": "Base64 High Entropy String",
        "filename": "brands/cqi/brand_style/CQISense_Design_System/components/domain/domain.card.html",
        "hashed_secret": "9d4f0dbeba51b67921005512a26e5e651bedb626",
        "is_verified": false,
        "line_number": 17
      },
      {
        "type": "Base64 High Entropy String",
        "filename": "brands/cqi/brand_style/CQISense_Design_System/components/domain/domain.card.html",
        "hashed_secret": "eadc3f93238dda49ec69d9ffa9416a74f348d9ca",
        "is_verified": false,
        "line_number": 18
      }
    ],
    "brands/cqi/brand_style/CQISense_Design_System/templates/hot-orange-deck/support.js": [
      {
        "type": "Base64 High Entropy String",
        "filename": "brands/cqi/brand_style/CQISense_Design_System/templates/hot-orange-deck/support.js",
        "hashed_secret": "13ded5622237af2efcc6079718b0671ecdd4165e",
        "is_verified": false,
        "line_number": 1495
      },
      {
        "type": "Base64 High Entropy String",
        "filename": "brands/cqi/brand_style/CQISense_Design_System/templates/hot-orange-deck/support.js",
        "hashed_secret": "18ed4a6366415e03e68e83c982650bacd21d1ba1",
        "is_verified": false,
        "line_number": 1497
      }
    ],
    "projects/ds_onedrive_workspace.yaml": [
      {
        "type": "Base64 High Entropy String",
        "filename": "projects/ds_onedrive_workspace.yaml",
        "hashed_secret": "cf66e42850fd8e5b826330c1f938f0b0826eced1",
        "is_verified": false,
        "line_number": 13
      },
      {
        "type": "Base64 High Entropy String",
        "filename": "projects/ds_onedrive_workspace.yaml",
        "hashed_secret": "fccc4e075d28bd9f203cead057229c12ed1d51b8",
        "is_verified": false,
        "line_number": 16
      }
    ],
    "projects/elal_presentation_artifact_register.yaml": [
      {
        "type": "Hex High Entropy String",
        "filename": "projects/elal_presentation_artifact_register.yaml",
        "hashed_secret": "f26372dfd353a08cbf510b70efae881b0d052bb2",
        "is_verified": false,
        "line_number": 13
      }
    ],
    "projects/elal_rule_traceability.yaml": [
      {
        "type": "Hex High Entropy String",
        "filename": "projects/elal_rule_traceability.yaml",
        "hashed_secret": "085965af137a624b726c4d8938373528916056f7",
        "is_verified": false,
        "line_number": 38
      },
      {
        "type": "Hex High Entropy String",
        "filename": "projects/elal_rule_traceability.yaml",
        "hashed_secret": "650c275946a71449f72036da01ab7c5a61328ea2",
        "is_verified": false,
        "line_number": 45
      },
      {
        "type": "Hex High Entropy String",
        "filename": "projects/elal_rule_traceability.yaml",
        "hashed_secret": "39b51214bd5ef5fabfd46adaf7c5878750aad517",
        "is_verified": false,
        "line_number": 55
      },
      {
        "type": "Hex High Entropy String",
        "filename": "projects/elal_rule_traceability.yaml",
        "hashed_secret": "e96f784ce2dd88ae79b11ece0fd40c682b66ee0a",
        "is_verified": false,
        "line_number": 62
      },
      {
        "type": "Hex High Entropy String",
        "filename": "projects/elal_rule_traceability.yaml",
        "hashed_secret": "07d39f1a52450dce13b40c2f55c2ed78a81b9e87",
        "is_verified": false,
        "line_number": 69
      },
      {
        "type": "Hex High Entropy String",
        "filename": "projects/elal_rule_traceability.yaml",
        "hashed_secret": "f9dcd77d8ae564c5f21f74aab36390afaf7f909a",
        "is_verified": false,
        "line_number": 76
      },
      {
        "type": "Hex High Entropy String",
        "filename": "projects/elal_rule_traceability.yaml",
        "hashed_secret": "b3b3d3ca8da57a43d72fb8bf102ce163e0208691",
        "is_verified": false,
        "line_number": 83
      }
    ],
    "projects/proj_data_analytics.yaml": [
      {
        "type": "Hex High Entropy String",
        "filename": "projects/proj_data_analytics.yaml",
        "hashed_secret": "f26372dfd353a08cbf510b70efae881b0d052bb2",
        "is_verified": false,
        "line_number": 63
      }
    ]
  },
  "generated_at": "2026-08-17T10:39:32Z"
}
